// Jest Snapshot v1, https://goo.gl/fbAQLP

exports[`FadeInDiv component matches snapshot 1`] = `
<div>
  <div
    class="css-11apktd"
  >
    Child Component
  </div>
</div>
`;
