// Jest Snapshot v1, https://goo.gl/fbAQLP

exports[`DynamicMap component renders correctly 1`] = `<div />`;
